=== AI Log for Yellow — Game started ===

[00:00,0] STRATEGY: Initial strategy: EcoBoom (difficulty: Normal)
[00:00,0] BUILDORDER: step 0 SKIPPED (no trainer for Worker)
[00:02,3] BUDGET: w(adv/mil/eco)=(0,25/0,35/0,40) S[60s,22i,0v,0vs | 240s,90i,0v,0vs | 100s,37i,0v,0vs] emaS=0,0/s emaI=0,0/s
[00:02,3] ECONOMY: GatherersHut started (total 1, inflight 1)
[00:02,3] BUILDORDER: step 1 issued: TrainUnit:Worker at 116s
[00:04,5] BUILDORDER: step 2 issued: TrainUnit:Worker at 118s
[00:06,7] BUILDORDER: step 3 issued: TrainUnit:Scout at 120s
[00:31,3] ECONOMY: GatherersHut started (total 2, inflight 1)
[00:51,9] SNAPSHOT: supplies 82 iron 163 veilstone 14 veilsteel 0 military 5 influence 0,0% curse 9,3%
[00:55,8] RESEARCH: ArmedScouts queued
[01:02,5] BUDGET: w(adv/mil/eco)=(0,21/0,29/0,50) S[21s,2i,4v,0vs | 311s,103i,6v,0vs | 122s,61i,11v,0vs] emaS=7,8/s emaI=1,3/s
[01:15,9] ECONOMY: GatherersHut started (total 3, inflight 1)
[01:42,6] ECONOMY: GatherersHut started (total 4, inflight 1)
[01:51,9] SNAPSHOT: supplies 76 iron 183 veilstone 92 veilsteel 0 military 5 influence 0,0% curse 10,0%
[02:00,5] ECONOMY: GatherersHut started (total 5, inflight 1)
[02:02,7] BUDGET: w(adv/mil/eco)=(0,21/0,29/0,50) S[86s,17i,20v,0vs | 403s,124i,28v,0vs | 159s,86i,49v,0vs] emaS=6,8/s emaI=1,6/s
[02:02,7] RESEARCH: ladder blocked ~1 min at StoneTools (Advancement wallet short)
[02:07,2] RECLAIM: 5 units vs curse node at (-111,63)
[02:16,1] ECONOMY: GatherersHut started (total 6, inflight 1)
[02:34,0] ECONOMY: GatherersHut started (total 7, inflight 1)
[02:45,1] BUILDORDER: step 5 issued: BuildBuilding:GatherersHut at 279s
[02:52,1] SNAPSHOT: supplies 25 iron 230 veilstone 146 veilsteel 0 military 2 influence 0,0% curse 10,1%
[03:00,7] ECONOMY: GatherersHut started (total 9, inflight 1)
[03:03,0] BUDGET: w(adv/mil/eco)=(0,21/0,29/0,50) S[183s,32i,33v,0vs | 538s,146i,46v,0vs | 31s,94i,80v,0vs] emaS=9,7/s emaI=1,3/s
[03:09,7] RESEARCH: ladder blocked ~1 min at StoneTools (Advancement wallet short)
[03:16,4] RESEARCH: ScoutingCelestarii queued
[03:23,1] BUILDORDER: step 8 issued: TrainUnit:Worker at 317s
[03:32,0] ECONOMY: GatherersHut started (total 10, inflight 1)
[03:40,9] BUILDORDER: step 9 issued: TrainUnit:Worker at 334s
[03:45,4] BUILDORDER: step 10 issued: TrainUnit:Worker at 339s
[03:47,6] BUILDORDER: step 11 issued: SetVeilstoneTarget: at 341s
[03:52,2] SNAPSHOT: supplies 95 iron 250 veilstone 258 veilsteel 0 military 0 influence 0,0% curse 10,3%
[03:54,3] ECONOMY: GatherersHut started (total 11, inflight 1)
[04:03,2] BUDGET: w(adv/mil/eco)=(0,50/0,21/0,29) S[232s,26i,66v,0vs | 691s,166i,78v,0vs | 42s,106i,132v,0vs] emaS=11,8/s emaI=1,5/s
[04:07,7] WAVE: wave 1 BLOCKED at 361s (need 5 idle, posture Develop, desired 0)
[04:16,6] ECONOMY: floor Barracks started
[04:23,3] RESEARCH: ladder blocked ~1 min at StoneTools (Advancement wallet short)
[04:32,2] ECONOMY: GatherersHut started (total 12, inflight 1)
[04:34,5] RESEARCH: StoneTools queued
[04:52,3] SNAPSHOT: supplies 69 iron 187 veilstone 371 veilsteel 0 military 0 influence 0,0% curse 11,0%
[05:03,5] RECLAIM: 1 units vs curse node at (-111,63)
[05:03,5] BUDGET: w(adv/mil/eco)=(0,13/0,50/0,38) S[306s,8i,93v,0vs | 462s,55i,131v,0vs | 138s,132i,171v,0vs] emaS=13,5/s emaI=2,3/s
[05:25,9] RECLAIM: 1 units vs curse node at (-111,63)
[05:25,9] ECONOMY: GatherersHut started (total 13, inflight 1)
[05:30,3] RESEARCH: StoneWeapons queued
[05:43,7] RESEARCH: IronSurveying1 queued
[05:48,2] RECLAIM: 1 units vs curse node at (-111,63)
[05:52,4] SNAPSHOT: supplies 62 iron 132 veilstone 531 veilsteel 0 military 2 influence 0,0% curse 11,1%
[06:01,6] STUCK: BuildBuilding:VaultOfAlmierra blocked 120s at 475s (afford=False, idleBuilders=10)
[06:03,9] BUDGET: w(adv/mil/eco)=(0,13/0,50/0,38) S[318s,29i,112v,0vs | 510s,19i,211v,0vs | 174s,125i,230v,0vs] emaS=14,8/s emaI=3,1/s
[06:08,3] WAVE: wave 1 BLOCKED at 482s (need 5 idle, posture Rebuild, desired 7)
[06:10,6] RECLAIM: 1 units vs curse node at (-111,63)
[06:12,8] RESEARCH: Conscription queued
[06:15,0] RESEARCH: VeilstoneSurvey1 queued
[06:32,9] RECLAIM: 1 units vs curse node at (-111,63)
[06:41,9] RESEARCH: MasonGuild queued
[06:52,6] SNAPSHOT: supplies 106 iron 132 veilstone 656 veilsteel 0 military 2 influence 0,0% curse 11,2%
[06:55,3] RECLAIM: 1 units vs curse node at (-111,63)
[07:04,2] BUDGET: w(adv/mil/eco)=(0,15/0,60/0,25) S[268s,28i,172v,0vs | 606s,57i,296v,0vs | 180s,129i,230v,0vs] emaS=15,5/s emaI=6,0/s
[07:08,7] STUCK: BuildBuilding:VaultOfAlmierra blocked 180s at 542s (afford=True, idleBuilders=10)
[07:13,1] RECLAIM: 1 units vs curse node at (-111,63)
[07:15,4] RESEARCH: IronSurveying2 queued
[07:24,3] RESEARCH: IronTools queued
[07:31,0] RECLAIM: 1 units vs curse node at (-111,63)
[07:44,4] RECLAIM: 2 units vs curse node at (-85,87)
[07:48,9] RECLAIM: 1 units vs curse node at (-85,87)
[07:52,7] SNAPSHOT: supplies 436 iron 268 veilstone 869 veilsteel 0 military 5 influence 0,0% curse 11,2%
[07:55,6] RESEARCH: VeilstoneTools queued
[08:04,5] BUDGET: w(adv/mil/eco)=(0,60/0,25/0,15) S[544s,52i,174v,0vs | 736s,138i,359v,0vs | 103s,74i,265v,0vs] emaS=14,9/s emaI=8,4/s
[08:09,0] WAVE: wave 1 BLOCKED at 602s (need 5 idle, posture Develop, desired 7)
[08:09,0] RECLAIM: 1 units vs curse node at (-85,87)
[08:15,6] STUCK: BuildBuilding:VaultOfAlmierra blocked 240s at 609s (afford=True, idleBuilders=10)
[08:26,8] RECLAIM: 1 units vs curse node at (-85,87)
